
> pencil-art@0.1.0 build
> next build

   Γû▓ Next.js 16.0.6 (Turbopack)
   - Environments: .env.local

   Creating an optimized production build ...
 Γ£ô Compiled successfully in 18.5s
   Running TypeScript ...
node.exe : Failed to compile.
At line:1 char:1
+ & "C:\nvm4w\nodejs/node.exe" 
"C:\nvm4w\nodejs/node_modules/npm/bin/np ...
+ ~~~~~~~~~~~~~~~~~~~~~~~~~~~~~~~~~~~~~~~~~~~~~~~~~~~~~~~~~~~
~~~~~~~~~~
    + CategoryInfo          : NotSpecified: (Failed to compi 
   le.:String) [], RemoteException
    + FullyQualifiedErrorId : NativeCommandError
 

./sanity.config.ts:17:3
Type error: Type 'string | undefined' is not assignable to 
type 'string'.
  Type 'undefined' is not assignable to type 'string'.

[0m [90m 15 |[39m [36mexport[39m [36mdefault[39m 
defineConfig({
 [90m 16 |[39m   basePath[33m:[39m 
[32m"/studio"[39m[33m,[39m
[31m[1m>[22m[39m[90m 17 |[39m   projectId[33m,[39m
 [90m    |[39m   [31m[1m^[22m[39m
 [90m 18 |[39m   dataset[33m,[39m
 [90m 19 |[39m   [90m// Add and edit the content schema 
in the './sanity/schemaTypes' folder[39m
 [90m 20 |[39m   schema[33m,[39m[0m
Next.js build worker exited with code: 1 and signal: null
